src/app/api/availability/route.ts(47,38): error TS7006: Parameter 'd' implicitly has an 'any' type.
src/app/api/availability/route.ts(48,46): error TS7006: Parameter 'b' implicitly has an 'any' type.
src/i18n.ts(9,33): error TS2345: Argument of type '({ locale }: GetRequestConfigParams) => Promise<{ messages: any; }>' is not assignable to parameter of type '(params: GetRequestConfigParams) => RequestConfig | Promise<RequestConfig>'.
  Type 'Promise<{ messages: any; }>' is not assignable to type 'RequestConfig | Promise<RequestConfig>'.
    Type 'Promise<{ messages: any; }>' is not assignable to type 'Promise<RequestConfig>'.
      Type '{ messages: any; }' is not assignable to type 'RequestConfig'.
        Property 'locale' is missing in type '{ messages: any; }' but required in type '{ locale: string; }'.
src/lib/prisma.ts(1,10): error TS2305: Module '"@prisma/client"' has no exported member 'PrismaClient'.
